--- Feature: CpG_region ---
Chi-square p-value = 2.4857e-133
Fold enrichment (row proportion / overall proportion):
CpG_region      CpG  noCpG
Nuc_type                  
YRWS           1.13   0.88
sameYR_lowWS   1.13   0.87
lowYR_sameWS   1.22   0.79
sameYR_antiWS  1.17   0.84
antiYR_sameWS  0.90   1.09
antiYR_antiWS  0.79   1.20
lessDNAencode  0.04   1.91

--- Feature: HMM ---
Chi-square p-value = 6.9438e-35
Fold enrichment (row proportion / overall proportion):
HMM            Enhancer  Promoter
Nuc_type                         
YRWS               0.94      1.07
sameYR_lowWS       0.97      1.04
lowYR_sameWS       0.85      1.17
sameYR_antiWS      0.91      1.10
antiYR_sameWS      1.06      0.93
antiYR_antiWS      1.14      0.85
lessDNAencode      1.45      0.49

--- Feature: Orientation ---
Chi-square p-value = 2.8773e-71
Fold enrichment (row proportion / overall proportion):
Orientation    Reference  Singleton
Nuc_type                           
YRWS                1.07       0.80
sameYR_lowWS        1.05       0.85
lowYR_sameWS        1.06       0.82
sameYR_antiWS       1.07       0.77
antiYR_sameWS       1.03       0.92
antiYR_antiWS       0.87       1.41
lessDNAencode       0.60       2.23

--- Feature: TSS ---
Chi-square p-value = 3.2154e-61
Fold enrichment (row proportion / overall proportion):
TSS            codingTSS  other
Nuc_type                       
YRWS                1.18   0.91
sameYR_lowWS        1.10   0.95
lowYR_sameWS        1.15   0.92
sameYR_antiWS       1.20   0.90
antiYR_sameWS       0.93   1.04
antiYR_antiWS       0.62   1.19
lessDNAencode       0.11   1.45

--- Feature: core-Nuc ---
Chi-square p-value = 1.1481e-06
Fold enrichment (row proportion / overall proportion):
core-Nuc        NDR   NFR
Nuc_type                 
YRWS           0.92  1.01
sameYR_lowWS   0.90  1.02
lowYR_sameWS   0.80  1.03
sameYR_antiWS  1.07  0.99
antiYR_sameWS  1.16  0.98
antiYR_antiWS  1.00  1.00
lessDNAencode  1.54  0.92

--- Feature: core-promoter ---
Chi-square p-value = 4.0136e-30
Fold enrichment (row proportion / overall proportion):
core-promoter  NonfixedTATAsame0mis  NonfixedTATAsame1mis  NonfixedTATAsame2mis  TATA  TATAsame0mis  TATAsame1mis  TATAsame2mis  noTATA
Nuc_type                                                                                                                               
YRWS                           0.78                  1.00                  1.07  1.13          1.18          0.84          0.87    0.98
sameYR_lowWS                   0.84                  1.08                  1.10  1.06          1.69          1.23          1.10    0.95
lowYR_sameWS                   1.15                  0.53                  1.03  1.14          1.15          1.50          1.14    0.95
sameYR_antiWS                  0.00                  2.50                  1.32  1.07          0.90          0.69          0.84    0.92
antiYR_sameWS                  2.52                  0.59                  1.11  1.09          0.00          1.55          1.62    0.89
antiYR_antiWS                  7.00                  1.63                  0.85  1.08          0.00          0.00          1.69    0.95
lessDNAencode                  0.00                  0.20                  0.24  0.22          0.00          0.27          0.40    1.37

