TSS_first_second_sameTATA_-6.bed	112
TSS_first_second_sameTATA_-7.bed	104
TSS_first_second_sameTATA_-8.bed	96
TSS_first_second_sameTATA_-9.bed	104
TSS_first_second_sameTATA_-10.bed	94
TSS_first_second_sameTATA_-11.bed	96
TSS_first_second_sameTATA_-12.bed	89
TSS_first_second_sameTATA_-13.bed	94
TSS_first_second_sameTATA_-14.bed	78
TSS_first_second_sameTATA_-15.bed	86
TSS_first_second_sameTATA_-16.bed	84
TSS_first_second_sameTATA_-17.bed	74
TSS_first_second_sameTATA_-18.bed	78
TSS_first_second_sameTATA_-19.bed	73
TSS_first_second_sameTATA_-20.bed	84
TSS_first_second_sameTATA_-21.bed	334
TSS_first_second_sameTATA_-22.bed	334
TSS_first_second_sameTATA_-23.bed	440
TSS_first_second_sameTATA_-24.bed	514
TSS_first_second_sameTATA_-25.bed	746
TSS_first_second_sameTATA_-26.bed	974
TSS_first_second_sameTATA_-27.bed	797
TSS_first_second_sameTATA_-28.bed	596
TSS_first_second_sameTATA_-29.bed	368
TSS_first_second_sameTATA_-30.bed	231
TSS_first_second_sameTATA_-31.bed	173
TSS_first_second_sameTATA_-32.bed	158
TSS_first_second_sameTATA_-33.bed	84
TSS_first_second_sameTATA_-34.bed	80
TSS_first_second_sameTATA_-35.bed	79
TSS_first_second_sameTATA_-36.bed	83
TSS_first_second_sameTATA_-37.bed	74
TSS_first_second_sameTATA_-38.bed	68
TSS_first_second_sameTATA_-39.bed	68
TSS_first_second_sameTATA_-40.bed	64
TSS_first_second_sameTATA_-41.bed	65
TSS_first_second_sameTATA_-42.bed	49
TSS_first_second_sameTATA_-43.bed	48
TSS_first_second_sameTATA_-44.bed	51
TSS_first_second_sameTATA_-45.bed	55
TSS_first_second_sameTATA_-46.bed	55

